[0.012s][info][gc,heap] Heap region size: 1M
[0.024s][info][gc     ] Using G1
[0.024s][info][gc,heap,coops] Heap address: 0x00000000c0000000, size: 1024 MB, Compressed Oops mode: 32-bit
[0.024s][info][gc,cds       ] Mark closed archive regions in map: [0x00000000ffc00000, 0x00000000ffc6aff8]
[0.024s][info][gc,cds       ] Mark open archive regions in map: [0x00000000ff800000, 0x00000000ff847ff8]
[1.033s][info][gc,start     ] GC(0) Pause Young (Normal) (G1 Evacuation Pause)
[1.040s][info][gc,task      ] GC(0) Using 23 workers of 23 for evacuation
[1.051s][info][gc,phases    ] GC(0)   Pre Evacuate Collection Set: 0.1ms
[1.051s][info][gc,phases    ] GC(0)   Evacuate Collection Set: 9.1ms
[1.051s][info][gc,phases    ] GC(0)   Post Evacuate Collection Set: 1.5ms
[1.051s][info][gc,phases    ] GC(0)   Other: 7.0ms
[1.051s][info][gc,heap      ] GC(0) Eden regions: 51->0(44)
[1.051s][info][gc,heap      ] GC(0) Survivor regions: 0->7(7)
[1.051s][info][gc,heap      ] GC(0) Old regions: 2->2
[1.051s][info][gc,heap      ] GC(0) Humongous regions: 129->129
[1.051s][info][gc,metaspace ] GC(0) Metaspace: 15067K(15872K)->15067K(15872K) NonClass: 12962K(13568K)->12962K(13568K) Class: 2105K(2304K)->2105K(2304K)
[1.051s][info][gc           ] GC(0) Pause Young (Normal) (G1 Evacuation Pause) 180M->135M(1024M) 17.831ms
[1.051s][info][gc,cpu       ] GC(0) User=0.15s Sys=0.06s Real=0.02s
[287.977s][info][gc,start     ] GC(1) Pause Young (Normal) (G1 Evacuation Pause)
[287.977s][info][gc,task      ] GC(1) Using 23 workers of 23 for evacuation
[287.991s][info][gc,phases    ] GC(1)   Pre Evacuate Collection Set: 0.1ms
[287.991s][info][gc,phases    ] GC(1)   Evacuate Collection Set: 12.5ms
[287.991s][info][gc,phases    ] GC(1)   Post Evacuate Collection Set: 1.2ms
[287.991s][info][gc,phases    ] GC(1)   Other: 0.4ms
[287.991s][info][gc,heap      ] GC(1) Eden regions: 44->0(48)
[287.991s][info][gc,heap      ] GC(1) Survivor regions: 7->3(7)
[287.991s][info][gc,heap      ] GC(1) Old regions: 2->8
[287.991s][info][gc,heap      ] GC(1) Humongous regions: 129->129
[287.991s][info][gc,metaspace ] GC(1) Metaspace: 20174K(21120K)->20174K(21120K) NonClass: 17477K(18176K)->17477K(18176K) Class: 2696K(2944K)->2696K(2944K)
[287.991s][info][gc           ] GC(1) Pause Young (Normal) (G1 Evacuation Pause) 179M->137M(1024M) 14.183ms
[287.991s][info][gc,cpu       ] GC(1) User=0.25s Sys=0.00s Real=0.02s
[504.500s][info][gc,start     ] GC(2) Pause Young (Normal) (G1 Evacuation Pause)
[504.500s][info][gc,task      ] GC(2) Using 23 workers of 23 for evacuation
[504.506s][info][gc,phases    ] GC(2)   Pre Evacuate Collection Set: 0.1ms
[504.506s][info][gc,phases    ] GC(2)   Evacuate Collection Set: 4.4ms
[504.506s][info][gc,phases    ] GC(2)   Post Evacuate Collection Set: 1.4ms
[504.506s][info][gc,phases    ] GC(2)   Other: 0.5ms
[504.506s][info][gc,heap      ] GC(2) Eden regions: 48->0(48)
[504.506s][info][gc,heap      ] GC(2) Survivor regions: 3->3(7)
[504.506s][info][gc,heap      ] GC(2) Old regions: 8->8
[504.506s][info][gc,heap      ] GC(2) Humongous regions: 129->129
[504.506s][info][gc,metaspace ] GC(2) Metaspace: 20224K(21120K)->20224K(21120K) NonClass: 17523K(18176K)->17523K(18176K) Class: 2700K(2944K)->2700K(2944K)
[504.506s][info][gc           ] GC(2) Pause Young (Normal) (G1 Evacuation Pause) 185M->138M(1024M) 6.516ms
[504.506s][info][gc,cpu       ] GC(2) User=0.07s Sys=0.01s Real=0.01s
[728.439s][info][gc,start     ] GC(3) Pause Young (Normal) (G1 Evacuation Pause)
[728.440s][info][gc,task      ] GC(3) Using 23 workers of 23 for evacuation
[728.445s][info][gc,phases    ] GC(3)   Pre Evacuate Collection Set: 0.1ms
[728.445s][info][gc,phases    ] GC(3)   Evacuate Collection Set: 3.9ms
[728.445s][info][gc,phases    ] GC(3)   Post Evacuate Collection Set: 1.3ms
[728.445s][info][gc,phases    ] GC(3)   Other: 0.5ms
[728.445s][info][gc,heap      ] GC(3) Eden regions: 48->0(48)
[728.445s][info][gc,heap      ] GC(3) Survivor regions: 3->3(7)
[728.445s][info][gc,heap      ] GC(3) Old regions: 8->8
[728.445s][info][gc,heap      ] GC(3) Humongous regions: 129->129
[728.445s][info][gc,metaspace ] GC(3) Metaspace: 20252K(21120K)->20252K(21120K) NonClass: 17551K(18176K)->17551K(18176K) Class: 2700K(2944K)->2700K(2944K)
[728.445s][info][gc           ] GC(3) Pause Young (Normal) (G1 Evacuation Pause) 186M->138M(1024M) 5.975ms
[728.446s][info][gc,cpu       ] GC(3) User=0.06s Sys=0.01s Real=0.01s
[888.953s][info][gc,start     ] GC(4) Pause Young (Concurrent Start) (Metadata GC Threshold)
[888.953s][info][gc,task      ] GC(4) Using 23 workers of 23 for evacuation
[888.962s][info][gc,phases    ] GC(4)   Pre Evacuate Collection Set: 0.1ms
[888.962s][info][gc,phases    ] GC(4)   Evacuate Collection Set: 7.1ms
[888.962s][info][gc,phases    ] GC(4)   Post Evacuate Collection Set: 0.8ms
[888.962s][info][gc,phases    ] GC(4)   Other: 0.5ms
[888.962s][info][gc,heap      ] GC(4) Eden regions: 38->0(48)
[888.962s][info][gc,heap      ] GC(4) Survivor regions: 3->3(7)
[888.962s][info][gc,heap      ] GC(4) Old regions: 8->8
[888.962s][info][gc,heap      ] GC(4) Humongous regions: 129->129
[888.962s][info][gc,metaspace ] GC(4) Metaspace: 20496K(21296K)->20496K(21296K) NonClass: 17760K(18352K)->17760K(18352K) Class: 2736K(2944K)->2736K(2944K)
[888.962s][info][gc           ] GC(4) Pause Young (Concurrent Start) (Metadata GC Threshold) 176M->138M(1024M) 8.482ms
[888.962s][info][gc,cpu       ] GC(4) User=0.06s Sys=0.00s Real=0.01s
[888.962s][info][gc           ] GC(5) Concurrent Cycle
[888.962s][info][gc,marking   ] GC(5) Concurrent Clear Claimed Marks
[888.962s][info][gc,marking   ] GC(5) Concurrent Clear Claimed Marks 0.020ms
[888.962s][info][gc,marking   ] GC(5) Concurrent Scan Root Regions
[888.965s][info][gc,marking   ] GC(5) Concurrent Scan Root Regions 3.208ms
[888.965s][info][gc,marking   ] GC(5) Concurrent Mark (888.965s)
[888.965s][info][gc,marking   ] GC(5) Concurrent Mark From Roots
[888.966s][info][gc,task      ] GC(5) Using 6 workers of 6 for marking
[888.974s][info][gc,marking   ] GC(5) Concurrent Mark From Roots 8.168ms
[888.974s][info][gc,marking   ] GC(5) Concurrent Preclean
[888.974s][info][gc,marking   ] GC(5) Concurrent Preclean 0.705ms
[888.974s][info][gc,marking   ] GC(5) Concurrent Mark (888.965s, 888.974s) 8.925ms
[888.975s][info][gc,start     ] GC(5) Pause Remark
[888.985s][info][gc,stringtable] GC(5) Cleaned string and symbol table, strings: 7875 processed, 273 removed, symbols: 43027 processed, 42 removed
[888.986s][info][gc            ] GC(5) Pause Remark 138M->138M(1024M) 11.419ms
[888.986s][info][gc,cpu        ] GC(5) User=0.15s Sys=0.00s Real=0.01s
[888.986s][info][gc,marking    ] GC(5) Concurrent Rebuild Remembered Sets
[888.989s][info][gc,marking    ] GC(5) Concurrent Rebuild Remembered Sets 2.505ms
[888.989s][info][gc,start      ] GC(5) Pause Cleanup
[888.990s][info][gc            ] GC(5) Pause Cleanup 138M->138M(1024M) 0.497ms
[888.990s][info][gc,cpu        ] GC(5) User=0.00s Sys=0.00s Real=0.00s
[888.990s][info][gc,marking    ] GC(5) Concurrent Cleanup for Next Mark
[888.993s][info][gc,marking    ] GC(5) Concurrent Cleanup for Next Mark 3.106ms
[888.993s][info][gc            ] GC(5) Concurrent Cycle 30.876ms
[1099.041s][info][gc,start      ] GC(6) Pause Young (Normal) (G1 Evacuation Pause)
[1099.041s][info][gc,task       ] GC(6) Using 23 workers of 23 for evacuation
[1099.047s][info][gc,phases     ] GC(6)   Pre Evacuate Collection Set: 0.1ms
[1099.047s][info][gc,phases     ] GC(6)   Evacuate Collection Set: 3.9ms
[1099.047s][info][gc,phases     ] GC(6)   Post Evacuate Collection Set: 1.9ms
[1099.047s][info][gc,phases     ] GC(6)   Other: 0.5ms
[1099.047s][info][gc,heap       ] GC(6) Eden regions: 48->0(48)
[1099.047s][info][gc,heap       ] GC(6) Survivor regions: 3->3(7)
[1099.047s][info][gc,heap       ] GC(6) Old regions: 8->8
[1099.047s][info][gc,heap       ] GC(6) Humongous regions: 129->129
[1099.047s][info][gc,metaspace  ] GC(6) Metaspace: 21166K(22192K)->21166K(22192K) NonClass: 18331K(19120K)->18331K(19120K) Class: 2835K(3072K)->2835K(3072K)
[1099.047s][info][gc            ] GC(6) Pause Young (Normal) (G1 Evacuation Pause) 186M->138M(1024M) 6.440ms
[1099.047s][info][gc,cpu        ] GC(6) User=0.08s Sys=0.00s Real=0.00s
[1328.430s][info][gc,start      ] GC(7) Pause Young (Normal) (G1 Evacuation Pause)
[1328.430s][info][gc,task       ] GC(7) Using 23 workers of 23 for evacuation
[1328.438s][info][gc,phases     ] GC(7)   Pre Evacuate Collection Set: 0.1ms
[1328.438s][info][gc,phases     ] GC(7)   Evacuate Collection Set: 7.6ms
[1328.438s][info][gc,phases     ] GC(7)   Post Evacuate Collection Set: 0.7ms
[1328.438s][info][gc,phases     ] GC(7)   Other: 0.4ms
[1328.438s][info][gc,heap       ] GC(7) Eden regions: 48->0(51)
[1328.438s][info][gc,heap       ] GC(7) Survivor regions: 3->4(7)
[1328.438s][info][gc,heap       ] GC(7) Old regions: 8->8
[1328.438s][info][gc,heap       ] GC(7) Humongous regions: 129->129
[1328.438s][info][gc,metaspace  ] GC(7) Metaspace: 21319K(22448K)->21319K(22448K) NonClass: 18484K(19376K)->18484K(19376K) Class: 2835K(3072K)->2835K(3072K)
[1328.438s][info][gc            ] GC(7) Pause Young (Normal) (G1 Evacuation Pause) 186M->138M(1024M) 8.791ms
[1328.438s][info][gc,cpu        ] GC(7) User=0.15s Sys=0.00s Real=0.00s
[1575.812s][info][gc,start      ] GC(8) Pause Young (Normal) (G1 Evacuation Pause)
[1575.812s][info][gc,task       ] GC(8) Using 23 workers of 23 for evacuation
[1575.819s][info][gc,phases     ] GC(8)   Pre Evacuate Collection Set: 0.1ms
[1575.819s][info][gc,phases     ] GC(8)   Evacuate Collection Set: 4.9ms
[1575.819s][info][gc,phases     ] GC(8)   Post Evacuate Collection Set: 1.3ms
[1575.819s][info][gc,phases     ] GC(8)   Other: 0.5ms
[1575.819s][info][gc,heap       ] GC(8) Eden regions: 51->0(58)
[1575.819s][info][gc,heap       ] GC(8) Survivor regions: 4->4(7)
[1575.819s][info][gc,heap       ] GC(8) Old regions: 8->8
[1575.819s][info][gc,heap       ] GC(8) Humongous regions: 129->129
[1575.819s][info][gc,metaspace  ] GC(8) Metaspace: 21330K(22448K)->21330K(22448K) NonClass: 18495K(19376K)->18495K(19376K) Class: 2835K(3072K)->2835K(3072K)
[1575.819s][info][gc            ] GC(8) Pause Young (Normal) (G1 Evacuation Pause) 189M->138M(1024M) 6.895ms
[1575.819s][info][gc,cpu        ] GC(8) User=0.10s Sys=0.00s Real=0.00s
[1852.827s][info][gc,start      ] GC(9) Pause Young (Normal) (G1 Evacuation Pause)
[1852.827s][info][gc,task       ] GC(9) Using 23 workers of 23 for evacuation
[1852.834s][info][gc,phases     ] GC(9)   Pre Evacuate Collection Set: 0.1ms
[1852.834s][info][gc,phases     ] GC(9)   Evacuate Collection Set: 5.9ms
[1852.834s][info][gc,phases     ] GC(9)   Post Evacuate Collection Set: 1.2ms
[1852.834s][info][gc,phases     ] GC(9)   Other: 0.5ms
[1852.834s][info][gc,heap       ] GC(9) Eden regions: 58->0(367)
[1852.834s][info][gc,heap       ] GC(9) Survivor regions: 4->4(8)
[1852.834s][info][gc,heap       ] GC(9) Old regions: 8->8
[1852.834s][info][gc,heap       ] GC(9) Humongous regions: 129->129
[1852.834s][info][gc,metaspace  ] GC(9) Metaspace: 21345K(22448K)->21345K(22448K) NonClass: 18510K(19376K)->18510K(19376K) Class: 2835K(3072K)->2835K(3072K)
[1852.834s][info][gc            ] GC(9) Pause Young (Normal) (G1 Evacuation Pause) 196M->138M(1024M) 7.806ms
[1852.835s][info][gc,cpu        ] GC(9) User=0.08s Sys=0.04s Real=0.01s
[3606.496s][info][gc,start      ] GC(10) Pause Young (Normal) (G1 Evacuation Pause)
[3606.496s][info][gc,task       ] GC(10) Using 23 workers of 23 for evacuation
[3606.506s][info][gc,phases     ] GC(10)   Pre Evacuate Collection Set: 0.1ms
[3606.506s][info][gc,phases     ] GC(10)   Evacuate Collection Set: 7.1ms
[3606.506s][info][gc,phases     ] GC(10)   Post Evacuate Collection Set: 2.7ms
[3606.506s][info][gc,phases     ] GC(10)   Other: 0.7ms
[3606.506s][info][gc,heap       ] GC(10) Eden regions: 367->0(610)
[3606.506s][info][gc,heap       ] GC(10) Survivor regions: 4->4(47)
[3606.506s][info][gc,heap       ] GC(10) Old regions: 8->8
[3606.506s][info][gc,heap       ] GC(10) Humongous regions: 129->129
[3606.506s][info][gc,metaspace  ] GC(10) Metaspace: 21383K(22448K)->21383K(22448K) NonClass: 18548K(19376K)->18548K(19376K) Class: 2835K(3072K)->2835K(3072K)
[3606.506s][info][gc            ] GC(10) Pause Young (Normal) (G1 Evacuation Pause) 505M->139M(1024M) 10.776ms
[3606.506s][info][gc,cpu        ] GC(10) User=0.14s Sys=0.02s Real=0.01s
[6561.966s][info][gc,start      ] GC(11) Pause Young (Normal) (G1 Evacuation Pause)
[6561.966s][info][gc,task       ] GC(11) Using 23 workers of 23 for evacuation
[6561.978s][info][gc,phases     ] GC(11)   Pre Evacuate Collection Set: 0.1ms
[6561.978s][info][gc,phases     ] GC(11)   Evacuate Collection Set: 6.9ms
[6561.978s][info][gc,phases     ] GC(11)   Post Evacuate Collection Set: 4.5ms
[6561.978s][info][gc,phases     ] GC(11)   Other: 0.6ms
[6561.978s][info][gc,heap       ] GC(11) Eden regions: 610->0(610)
[6561.978s][info][gc,heap       ] GC(11) Survivor regions: 4->4(77)
[6561.978s][info][gc,heap       ] GC(11) Old regions: 8->8
[6561.978s][info][gc,heap       ] GC(11) Humongous regions: 129->129
[6561.978s][info][gc,metaspace  ] GC(11) Metaspace: 21466K(22448K)->21466K(22448K) NonClass: 18630K(19376K)->18630K(19376K) Class: 2836K(3072K)->2836K(3072K)
[6561.978s][info][gc            ] GC(11) Pause Young (Normal) (G1 Evacuation Pause) 749M->139M(1024M) 12.278ms
[6561.978s][info][gc,cpu        ] GC(11) User=0.19s Sys=0.00s Real=0.01s
[9527.877s][info][gc,start      ] GC(12) Pause Young (Normal) (G1 Evacuation Pause)
[9527.877s][info][gc,task       ] GC(12) Using 23 workers of 23 for evacuation
[9527.885s][info][gc,phases     ] GC(12)   Pre Evacuate Collection Set: 0.1ms
[9527.885s][info][gc,phases     ] GC(12)   Evacuate Collection Set: 5.8ms
[9527.885s][info][gc,phases     ] GC(12)   Post Evacuate Collection Set: 1.8ms
[9527.885s][info][gc,phases     ] GC(12)   Other: 0.5ms
[9527.885s][info][gc,heap       ] GC(12) Eden regions: 610->0(611)
[9527.885s][info][gc,heap       ] GC(12) Survivor regions: 4->3(77)
[9527.885s][info][gc,heap       ] GC(12) Old regions: 8->8
[9527.886s][info][gc,heap       ] GC(12) Humongous regions: 129->129
[9527.886s][info][gc,metaspace  ] GC(12) Metaspace: 21467K(22448K)->21467K(22448K) NonClass: 18631K(19376K)->18631K(19376K) Class: 2836K(3072K)->2836K(3072K)
[9527.886s][info][gc            ] GC(12) Pause Young (Normal) (G1 Evacuation Pause) 749M->138M(1024M) 8.349ms
[9527.886s][info][gc,cpu        ] GC(12) User=0.10s Sys=0.02s Real=0.01s
[12497.877s][info][gc,start      ] GC(13) Pause Young (Normal) (G1 Evacuation Pause)
[12497.877s][info][gc,task       ] GC(13) Using 23 workers of 23 for evacuation
[12497.887s][info][gc,phases     ] GC(13)   Pre Evacuate Collection Set: 0.1ms
[12497.887s][info][gc,phases     ] GC(13)   Evacuate Collection Set: 7.2ms
[12497.887s][info][gc,phases     ] GC(13)   Post Evacuate Collection Set: 2.3ms
[12497.888s][info][gc,phases     ] GC(13)   Other: 0.7ms
[12497.888s][info][gc,heap       ] GC(13) Eden regions: 611->0(610)
[12497.888s][info][gc,heap       ] GC(13) Survivor regions: 3->4(77)
[12497.888s][info][gc,heap       ] GC(13) Old regions: 8->8
[12497.888s][info][gc,heap       ] GC(13) Humongous regions: 129->129
[12497.888s][info][gc,metaspace  ] GC(13) Metaspace: 21473K(22448K)->21473K(22448K) NonClass: 18637K(19376K)->18637K(19376K) Class: 2836K(3072K)->2836K(3072K)
[12497.888s][info][gc            ] GC(13) Pause Young (Normal) (G1 Evacuation Pause) 749M->138M(1024M) 10.526ms
[12497.888s][info][gc,cpu        ] GC(13) User=0.16s Sys=0.00s Real=0.02s
[15462.228s][info][gc,start      ] GC(14) Pause Young (Normal) (G1 Evacuation Pause)
[15462.229s][info][gc,task       ] GC(14) Using 23 workers of 23 for evacuation
[15462.236s][info][gc,phases     ] GC(14)   Pre Evacuate Collection Set: 0.1ms
[15462.236s][info][gc,phases     ] GC(14)   Evacuate Collection Set: 5.1ms
[15462.236s][info][gc,phases     ] GC(14)   Post Evacuate Collection Set: 2.0ms
[15462.236s][info][gc,phases     ] GC(14)   Other: 0.6ms
[15462.236s][info][gc,heap       ] GC(14) Eden regions: 610->0(610)
[15462.236s][info][gc,heap       ] GC(14) Survivor regions: 4->4(77)
[15462.236s][info][gc,heap       ] GC(14) Old regions: 8->8
[15462.236s][info][gc,heap       ] GC(14) Humongous regions: 129->129
[15462.236s][info][gc,metaspace  ] GC(14) Metaspace: 21487K(22704K)->21487K(22704K) NonClass: 18651K(19632K)->18651K(19632K) Class: 2836K(3072K)->2836K(3072K)
[15462.236s][info][gc            ] GC(14) Pause Young (Normal) (G1 Evacuation Pause) 748M->138M(1024M) 7.983ms
[15462.237s][info][gc,cpu        ] GC(14) User=0.10s Sys=0.00s Real=0.00s
[18430.971s][info][gc,start      ] GC(15) Pause Young (Normal) (G1 Evacuation Pause)
[18430.971s][info][gc,task       ] GC(15) Using 23 workers of 23 for evacuation
[18430.978s][info][gc,phases     ] GC(15)   Pre Evacuate Collection Set: 0.1ms
[18430.978s][info][gc,phases     ] GC(15)   Evacuate Collection Set: 5.0ms
[18430.978s][info][gc,phases     ] GC(15)   Post Evacuate Collection Set: 1.7ms
[18430.978s][info][gc,phases     ] GC(15)   Other: 0.6ms
[18430.978s][info][gc,heap       ] GC(15) Eden regions: 610->0(610)
[18430.978s][info][gc,heap       ] GC(15) Survivor regions: 4->4(77)
[18430.978s][info][gc,heap       ] GC(15) Old regions: 8->8
[18430.978s][info][gc,heap       ] GC(15) Humongous regions: 129->129
[18430.978s][info][gc,metaspace  ] GC(15) Metaspace: 21488K(22704K)->21488K(22704K) NonClass: 18652K(19632K)->18652K(19632K) Class: 2836K(3072K)->2836K(3072K)
[18430.978s][info][gc            ] GC(15) Pause Young (Normal) (G1 Evacuation Pause) 748M->138M(1024M) 7.545ms
[18430.978s][info][gc,cpu        ] GC(15) User=0.10s Sys=0.00s Real=0.00s
[21401.611s][info][gc,start      ] GC(16) Pause Young (Normal) (G1 Evacuation Pause)
[21401.611s][info][gc,task       ] GC(16) Using 23 workers of 23 for evacuation
[21401.620s][info][gc,phases     ] GC(16)   Pre Evacuate Collection Set: 0.2ms
[21401.621s][info][gc,phases     ] GC(16)   Evacuate Collection Set: 5.8ms
[21401.621s][info][gc,phases     ] GC(16)   Post Evacuate Collection Set: 2.7ms
[21401.621s][info][gc,phases     ] GC(16)   Other: 0.7ms
[21401.621s][info][gc,heap       ] GC(16) Eden regions: 610->0(611)
[21401.621s][info][gc,heap       ] GC(16) Survivor regions: 4->3(77)
[21401.621s][info][gc,heap       ] GC(16) Old regions: 8->8
[21401.621s][info][gc,heap       ] GC(16) Humongous regions: 129->129
[21401.621s][info][gc,metaspace  ] GC(16) Metaspace: 21488K(22704K)->21488K(22704K) NonClass: 18652K(19632K)->18652K(19632K) Class: 2836K(3072K)->2836K(3072K)
[21401.621s][info][gc            ] GC(16) Pause Young (Normal) (G1 Evacuation Pause) 748M->138M(1024M) 9.446ms
[21401.621s][info][gc,cpu        ] GC(16) User=0.13s Sys=0.01s Real=0.01s
[24375.215s][info][gc,start      ] GC(17) Pause Young (Normal) (G1 Evacuation Pause)
[24375.215s][info][gc,task       ] GC(17) Using 23 workers of 23 for evacuation
[24375.222s][info][gc,phases     ] GC(17)   Pre Evacuate Collection Set: 0.1ms
[24375.222s][info][gc,phases     ] GC(17)   Evacuate Collection Set: 5.3ms
[24375.222s][info][gc,phases     ] GC(17)   Post Evacuate Collection Set: 1.5ms
[24375.223s][info][gc,phases     ] GC(17)   Other: 0.6ms
[24375.223s][info][gc,heap       ] GC(17) Eden regions: 611->0(612)
[24375.223s][info][gc,heap       ] GC(17) Survivor regions: 3->2(77)
[24375.223s][info][gc,heap       ] GC(17) Old regions: 8->9
[24375.223s][info][gc,heap       ] GC(17) Humongous regions: 129->129
[24375.223s][info][gc,metaspace  ] GC(17) Metaspace: 21491K(22704K)->21491K(22704K) NonClass: 18655K(19632K)->18655K(19632K) Class: 2836K(3072K)->2836K(3072K)
[24375.223s][info][gc            ] GC(17) Pause Young (Normal) (G1 Evacuation Pause) 749M->138M(1024M) 7.698ms
[24375.223s][info][gc,cpu        ] GC(17) User=0.11s Sys=0.00s Real=0.01s
[27352.463s][info][gc,start      ] GC(18) Pause Young (Normal) (G1 Evacuation Pause)
[27352.463s][info][gc,task       ] GC(18) Using 23 workers of 23 for evacuation
[27352.469s][info][gc,phases     ] GC(18)   Pre Evacuate Collection Set: 0.1ms
[27352.469s][info][gc,phases     ] GC(18)   Evacuate Collection Set: 3.9ms
[27352.469s][info][gc,phases     ] GC(18)   Post Evacuate Collection Set: 2.3ms
[27352.469s][info][gc,phases     ] GC(18)   Other: 0.6ms
[27352.470s][info][gc,heap       ] GC(18) Eden regions: 612->0(611)
[27352.470s][info][gc,heap       ] GC(18) Survivor regions: 2->3(77)
[27352.470s][info][gc,heap       ] GC(18) Old regions: 9->10
[27352.470s][info][gc,heap       ] GC(18) Humongous regions: 129->129
[27352.470s][info][gc,metaspace  ] GC(18) Metaspace: 21499K(22704K)->21499K(22704K) NonClass: 18663K(19632K)->18663K(19632K) Class: 2836K(3072K)->2836K(3072K)
[27352.470s][info][gc            ] GC(18) Pause Young (Normal) (G1 Evacuation Pause) 750M->138M(1024M) 7.054ms
[27352.470s][info][gc,cpu        ] GC(18) User=0.09s Sys=0.00s Real=0.01s
[30323.194s][info][gc,start      ] GC(19) Pause Young (Normal) (G1 Evacuation Pause)
[30323.194s][info][gc,task       ] GC(19) Using 23 workers of 23 for evacuation
[30323.202s][info][gc,phases     ] GC(19)   Pre Evacuate Collection Set: 0.1ms
[30323.202s][info][gc,phases     ] GC(19)   Evacuate Collection Set: 6.3ms
[30323.202s][info][gc,phases     ] GC(19)   Post Evacuate Collection Set: 1.5ms
[30323.202s][info][gc,phases     ] GC(19)   Other: 0.6ms
[30323.202s][info][gc,heap       ] GC(19) Eden regions: 611->0(611)
[30323.202s][info][gc,heap       ] GC(19) Survivor regions: 3->3(77)
[30323.202s][info][gc,heap       ] GC(19) Old regions: 10->10
[30323.202s][info][gc,heap       ] GC(19) Humongous regions: 129->129
[30323.202s][info][gc,metaspace  ] GC(19) Metaspace: 21504K(22704K)->21504K(22704K) NonClass: 18667K(19632K)->18667K(19632K) Class: 2836K(3072K)->2836K(3072K)
[30323.202s][info][gc            ] GC(19) Pause Young (Normal) (G1 Evacuation Pause) 749M->138M(1024M) 8.617ms
[30323.202s][info][gc,cpu        ] GC(19) User=0.12s Sys=0.00s Real=0.01s
[33292.877s][info][gc,start      ] GC(20) Pause Young (Normal) (G1 Evacuation Pause)
[33292.877s][info][gc,task       ] GC(20) Using 23 workers of 23 for evacuation
[33292.884s][info][gc,phases     ] GC(20)   Pre Evacuate Collection Set: 0.1ms
[33292.884s][info][gc,phases     ] GC(20)   Evacuate Collection Set: 4.8ms
[33292.884s][info][gc,phases     ] GC(20)   Post Evacuate Collection Set: 1.9ms
[33292.884s][info][gc,phases     ] GC(20)   Other: 0.6ms
[33292.884s][info][gc,heap       ] GC(20) Eden regions: 611->0(612)
[33292.884s][info][gc,heap       ] GC(20) Survivor regions: 3->2(77)
[33292.884s][info][gc,heap       ] GC(20) Old regions: 10->10
[33292.884s][info][gc,heap       ] GC(20) Humongous regions: 129->129
[33292.884s][info][gc,metaspace  ] GC(20) Metaspace: 21506K(22704K)->21506K(22704K) NonClass: 18670K(19632K)->18670K(19632K) Class: 2836K(3072K)->2836K(3072K)
[33292.884s][info][gc            ] GC(20) Pause Young (Normal) (G1 Evacuation Pause) 749M->138M(1024M) 7.550ms
[33292.885s][info][gc,cpu        ] GC(20) User=0.09s Sys=0.00s Real=0.01s
[36267.877s][info][gc,start      ] GC(21) Pause Young (Normal) (G1 Evacuation Pause)
[36267.877s][info][gc,task       ] GC(21) Using 23 workers of 23 for evacuation
[36267.890s][info][gc,phases     ] GC(21)   Pre Evacuate Collection Set: 0.1ms
[36267.891s][info][gc,phases     ] GC(21)   Evacuate Collection Set: 11.4ms
[36267.891s][info][gc,phases     ] GC(21)   Post Evacuate Collection Set: 1.6ms
[36267.891s][info][gc,phases     ] GC(21)   Other: 0.6ms
[36267.891s][info][gc,heap       ] GC(21) Eden regions: 612->0(612)
[36267.891s][info][gc,heap       ] GC(21) Survivor regions: 2->2(77)
[36267.891s][info][gc,heap       ] GC(21) Old regions: 10->10
[36267.891s][info][gc,heap       ] GC(21) Humongous regions: 129->129
[36267.891s][info][gc,metaspace  ] GC(21) Metaspace: 21508K(22704K)->21508K(22704K) NonClass: 18672K(19632K)->18672K(19632K) Class: 2836K(3072K)->2836K(3072K)
[36267.891s][info][gc            ] GC(21) Pause Young (Normal) (G1 Evacuation Pause) 750M->138M(1024M) 13.683ms
[36267.891s][info][gc,cpu        ] GC(21) User=0.22s Sys=0.00s Real=0.02s
[39241.316s][info][gc,start      ] GC(22) Pause Young (Normal) (G1 Evacuation Pause)
[39241.316s][info][gc,task       ] GC(22) Using 23 workers of 23 for evacuation
[39241.327s][info][gc,phases     ] GC(22)   Pre Evacuate Collection Set: 0.1ms
[39241.327s][info][gc,phases     ] GC(22)   Evacuate Collection Set: 8.9ms
[39241.327s][info][gc,phases     ] GC(22)   Post Evacuate Collection Set: 1.8ms
[39241.328s][info][gc,phases     ] GC(22)   Other: 0.5ms
[39241.328s][info][gc,heap       ] GC(22) Eden regions: 612->0(612)
[39241.328s][info][gc,heap       ] GC(22) Survivor regions: 2->2(77)
[39241.328s][info][gc,heap       ] GC(22) Old regions: 10->10
[39241.328s][info][gc,heap       ] GC(22) Humongous regions: 129->129
[39241.328s][info][gc,metaspace  ] GC(22) Metaspace: 21513K(22704K)->21513K(22704K) NonClass: 18677K(19632K)->18677K(19632K) Class: 2836K(3072K)->2836K(3072K)
[39241.328s][info][gc            ] GC(22) Pause Young (Normal) (G1 Evacuation Pause) 750M->138M(1024M) 11.432ms
[39241.328s][info][gc,cpu        ] GC(22) User=0.19s Sys=0.00s Real=0.02s
[42216.254s][info][gc,start      ] GC(23) Pause Young (Normal) (G1 Evacuation Pause)
[42216.255s][info][gc,task       ] GC(23) Using 23 workers of 23 for evacuation
[42216.260s][info][gc,phases     ] GC(23)   Pre Evacuate Collection Set: 0.1ms
[42216.260s][info][gc,phases     ] GC(23)   Evacuate Collection Set: 3.5ms
[42216.260s][info][gc,phases     ] GC(23)   Post Evacuate Collection Set: 1.8ms
[42216.260s][info][gc,phases     ] GC(23)   Other: 0.6ms
[42216.260s][info][gc,heap       ] GC(23) Eden regions: 612->0(612)
[42216.260s][info][gc,heap       ] GC(23) Survivor regions: 2->2(77)
[42216.260s][info][gc,heap       ] GC(23) Old regions: 10->10
[42216.260s][info][gc,heap       ] GC(23) Humongous regions: 129->129
[42216.260s][info][gc,metaspace  ] GC(23) Metaspace: 21514K(22704K)->21514K(22704K) NonClass: 18678K(19632K)->18678K(19632K) Class: 2836K(3072K)->2836K(3072K)
[42216.260s][info][gc            ] GC(23) Pause Young (Normal) (G1 Evacuation Pause) 750M->138M(1024M) 6.005ms
[42216.260s][info][gc,cpu        ] GC(23) User=0.08s Sys=0.00s Real=0.01s
[45188.999s][info][gc,start      ] GC(24) Pause Young (Normal) (G1 Evacuation Pause)
[45188.999s][info][gc,task       ] GC(24) Using 23 workers of 23 for evacuation
[45189.009s][info][gc,phases     ] GC(24)   Pre Evacuate Collection Set: 0.1ms
[45189.009s][info][gc,phases     ] GC(24)   Evacuate Collection Set: 4.1ms
[45189.009s][info][gc,phases     ] GC(24)   Post Evacuate Collection Set: 5.1ms
[45189.009s][info][gc,phases     ] GC(24)   Other: 0.6ms
[45189.009s][info][gc,heap       ] GC(24) Eden regions: 612->0(612)
[45189.009s][info][gc,heap       ] GC(24) Survivor regions: 2->2(77)
[45189.009s][info][gc,heap       ] GC(24) Old regions: 10->10
[45189.009s][info][gc,heap       ] GC(24) Humongous regions: 129->129
[45189.009s][info][gc,metaspace  ] GC(24) Metaspace: 21515K(22704K)->21515K(22704K) NonClass: 18679K(19632K)->18679K(19632K) Class: 2836K(3072K)->2836K(3072K)
[45189.009s][info][gc            ] GC(24) Pause Young (Normal) (G1 Evacuation Pause) 750M->138M(1024M) 9.893ms
[45189.009s][info][gc,cpu        ] GC(24) User=0.15s Sys=0.00s Real=0.02s
[48166.404s][info][gc,start      ] GC(25) Pause Young (Normal) (G1 Evacuation Pause)
[48166.404s][info][gc,task       ] GC(25) Using 23 workers of 23 for evacuation
[48166.414s][info][gc,phases     ] GC(25)   Pre Evacuate Collection Set: 0.1ms
[48166.414s][info][gc,phases     ] GC(25)   Evacuate Collection Set: 7.8ms
[48166.414s][info][gc,phases     ] GC(25)   Post Evacuate Collection Set: 1.4ms
[48166.414s][info][gc,phases     ] GC(25)   Other: 0.6ms
[48166.414s][info][gc,heap       ] GC(25) Eden regions: 612->0(612)
[48166.414s][info][gc,heap       ] GC(25) Survivor regions: 2->2(77)
[48166.414s][info][gc,heap       ] GC(25) Old regions: 10->10
[48166.414s][info][gc,heap       ] GC(25) Humongous regions: 129->129
[48166.414s][info][gc,metaspace  ] GC(25) Metaspace: 21515K(22704K)->21515K(22704K) NonClass: 18679K(19632K)->18679K(19632K) Class: 2836K(3072K)->2836K(3072K)
[48166.414s][info][gc            ] GC(25) Pause Young (Normal) (G1 Evacuation Pause) 750M->138M(1024M) 9.952ms
[48166.414s][info][gc,cpu        ] GC(25) User=0.14s Sys=0.00s Real=0.01s
[51142.877s][info][gc,start      ] GC(26) Pause Young (Normal) (G1 Evacuation Pause)
[51142.877s][info][gc,task       ] GC(26) Using 23 workers of 23 for evacuation
[51142.886s][info][gc,phases     ] GC(26)   Pre Evacuate Collection Set: 0.1ms
[51142.886s][info][gc,phases     ] GC(26)   Evacuate Collection Set: 6.0ms
[51142.886s][info][gc,phases     ] GC(26)   Post Evacuate Collection Set: 1.8ms
[51142.886s][info][gc,phases     ] GC(26)   Other: 0.6ms
[51142.886s][info][gc,heap       ] GC(26) Eden regions: 612->0(612)
[51142.886s][info][gc,heap       ] GC(26) Survivor regions: 2->2(77)
[51142.886s][info][gc,heap       ] GC(26) Old regions: 10->10
[51142.886s][info][gc,heap       ] GC(26) Humongous regions: 129->129
[51142.886s][info][gc,metaspace  ] GC(26) Metaspace: 21520K(22704K)->21520K(22704K) NonClass: 18684K(19632K)->18684K(19632K) Class: 2836K(3072K)->2836K(3072K)
[51142.886s][info][gc            ] GC(26) Pause Young (Normal) (G1 Evacuation Pause) 750M->138M(1024M) 8.582ms
[51142.886s][info][gc,cpu        ] GC(26) User=0.12s Sys=0.00s Real=0.01s
