[0.010s][info][gc,heap] Heap region size: 1M
[0.025s][info][gc     ] Using G1
[0.025s][info][gc,heap,coops] Heap address: 0x00000000c0000000, size: 1024 MB, Compressed Oops mode: 32-bit
[0.026s][info][gc,cds       ] Mark closed archive regions in map: [0x00000000ffc00000, 0x00000000ffc6aff8]
[0.026s][info][gc,cds       ] Mark open archive regions in map: [0x00000000ff800000, 0x00000000ff847ff8]
[1.097s][info][gc,start     ] GC(0) Pause Young (Normal) (G1 Evacuation Pause)
[1.102s][info][gc,task      ] GC(0) Using 23 workers of 23 for evacuation
[1.114s][info][gc,phases    ] GC(0)   Pre Evacuate Collection Set: 0.1ms
[1.114s][info][gc,phases    ] GC(0)   Evacuate Collection Set: 10.7ms
[1.114s][info][gc,phases    ] GC(0)   Post Evacuate Collection Set: 1.0ms
[1.114s][info][gc,phases    ] GC(0)   Other: 5.5ms
[1.114s][info][gc,heap      ] GC(0) Eden regions: 51->0(45)
[1.114s][info][gc,heap      ] GC(0) Survivor regions: 0->6(7)
[1.114s][info][gc,heap      ] GC(0) Old regions: 2->2
[1.114s][info][gc,heap      ] GC(0) Humongous regions: 129->129
[1.114s][info][gc,metaspace ] GC(0) Metaspace: 15083K(15616K)->15083K(15616K) NonClass: 12970K(13312K)->12970K(13312K) Class: 2112K(2304K)->2112K(2304K)
[1.114s][info][gc           ] GC(0) Pause Young (Normal) (G1 Evacuation Pause) 180M->135M(1024M) 17.391ms
[1.114s][info][gc,cpu       ] GC(0) User=0.22s Sys=0.02s Real=0.01s
[1405.166s][info][gc,start     ] GC(1) Pause Young (Normal) (G1 Evacuation Pause)
[1405.166s][info][gc,task      ] GC(1) Using 23 workers of 23 for evacuation
[1405.180s][info][gc,phases    ] GC(1)   Pre Evacuate Collection Set: 0.1ms
[1405.180s][info][gc,phases    ] GC(1)   Evacuate Collection Set: 12.1ms
[1405.180s][info][gc,phases    ] GC(1)   Post Evacuate Collection Set: 1.3ms
[1405.180s][info][gc,phases    ] GC(1)   Other: 0.5ms
[1405.180s][info][gc,heap      ] GC(1) Eden regions: 45->0(49)
[1405.180s][info][gc,heap      ] GC(1) Survivor regions: 6->2(7)
[1405.180s][info][gc,heap      ] GC(1) Old regions: 2->8
[1405.180s][info][gc,heap      ] GC(1) Humongous regions: 129->129
[1405.180s][info][gc,metaspace ] GC(1) Metaspace: 18380K(19072K)->18380K(19072K) NonClass: 15925K(16384K)->15925K(16384K) Class: 2455K(2688K)->2455K(2688K)
[1405.180s][info][gc           ] GC(1) Pause Young (Normal) (G1 Evacuation Pause) 180M->136M(1024M) 14.183ms
[1405.180s][info][gc,cpu       ] GC(1) User=0.22s Sys=0.02s Real=0.02s
[2517.270s][info][gc,start     ] GC(2) Pause Young (Normal) (G1 Evacuation Pause)
[2517.270s][info][gc,task      ] GC(2) Using 23 workers of 23 for evacuation
[2517.281s][info][gc,phases    ] GC(2)   Pre Evacuate Collection Set: 0.1ms
[2517.281s][info][gc,phases    ] GC(2)   Evacuate Collection Set: 8.0ms
[2517.281s][info][gc,phases    ] GC(2)   Post Evacuate Collection Set: 2.6ms
[2517.282s][info][gc,phases    ] GC(2)   Other: 0.5ms
[2517.282s][info][gc,heap      ] GC(2) Eden regions: 49->0(50)
[2517.282s][info][gc,heap      ] GC(2) Survivor regions: 2->1(7)
[2517.282s][info][gc,heap      ] GC(2) Old regions: 8->8
[2517.282s][info][gc,heap      ] GC(2) Humongous regions: 129->129
[2517.282s][info][gc,metaspace ] GC(2) Metaspace: 18410K(19328K)->18410K(19328K) NonClass: 15955K(16640K)->15955K(16640K) Class: 2455K(2688K)->2455K(2688K)
[2517.282s][info][gc           ] GC(2) Pause Young (Normal) (G1 Evacuation Pause) 185M->136M(1024M) 11.142ms
[2517.282s][info][gc,cpu       ] GC(2) User=0.17s Sys=0.00s Real=0.01s
[3661.154s][info][gc,start     ] GC(3) Pause Young (Normal) (G1 Evacuation Pause)
[3661.154s][info][gc,task      ] GC(3) Using 23 workers of 23 for evacuation
[3661.158s][info][gc,phases    ] GC(3)   Pre Evacuate Collection Set: 0.1ms
[3661.158s][info][gc,phases    ] GC(3)   Evacuate Collection Set: 2.9ms
[3661.158s][info][gc,phases    ] GC(3)   Post Evacuate Collection Set: 1.1ms
[3661.158s][info][gc,phases    ] GC(3)   Other: 0.5ms
[3661.158s][info][gc,heap      ] GC(3) Eden regions: 50->0(50)
[3661.158s][info][gc,heap      ] GC(3) Survivor regions: 1->1(7)
[3661.158s][info][gc,heap      ] GC(3) Old regions: 8->8
[3661.158s][info][gc,heap      ] GC(3) Humongous regions: 129->129
[3661.158s][info][gc,metaspace ] GC(3) Metaspace: 18441K(19328K)->18441K(19328K) NonClass: 15985K(16640K)->15985K(16640K) Class: 2455K(2688K)->2455K(2688K)
[3661.159s][info][gc           ] GC(3) Pause Young (Normal) (G1 Evacuation Pause) 186M->136M(1024M) 4.765ms
[3661.159s][info][gc,cpu       ] GC(3) User=0.06s Sys=0.00s Real=0.01s
[4831.206s][info][gc,start     ] GC(4) Pause Young (Normal) (G1 Evacuation Pause)
[4831.206s][info][gc,task      ] GC(4) Using 23 workers of 23 for evacuation
[4831.215s][info][gc,phases    ] GC(4)   Pre Evacuate Collection Set: 0.1ms
[4831.215s][info][gc,phases    ] GC(4)   Evacuate Collection Set: 7.1ms
[4831.215s][info][gc,phases    ] GC(4)   Post Evacuate Collection Set: 1.1ms
[4831.215s][info][gc,phases    ] GC(4)   Other: 0.4ms
[4831.215s][info][gc,heap      ] GC(4) Eden regions: 50->0(50)
[4831.215s][info][gc,heap      ] GC(4) Survivor regions: 1->1(7)
[4831.215s][info][gc,heap      ] GC(4) Old regions: 8->8
[4831.215s][info][gc,heap      ] GC(4) Humongous regions: 129->129
[4831.215s][info][gc,metaspace ] GC(4) Metaspace: 18500K(19328K)->18500K(19328K) NonClass: 16045K(16640K)->16045K(16640K) Class: 2455K(2688K)->2455K(2688K)
[4831.215s][info][gc           ] GC(4) Pause Young (Normal) (G1 Evacuation Pause) 186M->136M(1024M) 8.933ms
[4831.215s][info][gc,cpu       ] GC(4) User=0.14s Sys=0.01s Real=0.02s
[6007.149s][info][gc,start     ] GC(5) Pause Young (Normal) (G1 Evacuation Pause)
[6007.149s][info][gc,task      ] GC(5) Using 23 workers of 23 for evacuation
[6007.155s][info][gc,phases    ] GC(5)   Pre Evacuate Collection Set: 0.1ms
[6007.155s][info][gc,phases    ] GC(5)   Evacuate Collection Set: 4.2ms
[6007.155s][info][gc,phases    ] GC(5)   Post Evacuate Collection Set: 1.3ms
[6007.155s][info][gc,phases    ] GC(5)   Other: 0.5ms
[6007.155s][info][gc,heap      ] GC(5) Eden regions: 50->0(50)
[6007.155s][info][gc,heap      ] GC(5) Survivor regions: 1->1(7)
[6007.155s][info][gc,heap      ] GC(5) Old regions: 8->8
[6007.155s][info][gc,heap      ] GC(5) Humongous regions: 129->129
[6007.155s][info][gc,metaspace ] GC(5) Metaspace: 18531K(19328K)->18531K(19328K) NonClass: 16075K(16640K)->16075K(16640K) Class: 2456K(2688K)->2456K(2688K)
[6007.155s][info][gc           ] GC(5) Pause Young (Normal) (G1 Evacuation Pause) 186M->136M(1024M) 6.221ms
[6007.155s][info][gc,cpu       ] GC(5) User=0.08s Sys=0.00s Real=0.01s
[7186.296s][info][gc,start     ] GC(6) Pause Young (Normal) (G1 Evacuation Pause)
[7186.296s][info][gc,task      ] GC(6) Using 23 workers of 23 for evacuation
[7186.301s][info][gc,phases    ] GC(6)   Pre Evacuate Collection Set: 0.1ms
[7186.301s][info][gc,phases    ] GC(6)   Evacuate Collection Set: 3.3ms
[7186.301s][info][gc,phases    ] GC(6)   Post Evacuate Collection Set: 1.1ms
[7186.301s][info][gc,phases    ] GC(6)   Other: 0.4ms
[7186.301s][info][gc,heap      ] GC(6) Eden regions: 50->0(53)
[7186.301s][info][gc,heap      ] GC(6) Survivor regions: 1->1(7)
[7186.301s][info][gc,heap      ] GC(6) Old regions: 8->8
[7186.301s][info][gc,heap      ] GC(6) Humongous regions: 129->129
[7186.301s][info][gc,metaspace ] GC(6) Metaspace: 18539K(19328K)->18539K(19328K) NonClass: 16083K(16640K)->16083K(16640K) Class: 2456K(2688K)->2456K(2688K)
[7186.301s][info][gc           ] GC(6) Pause Young (Normal) (G1 Evacuation Pause) 186M->136M(1024M) 5.011ms
[7186.301s][info][gc,cpu       ] GC(6) User=0.06s Sys=0.00s Real=0.00s
[8440.918s][info][gc,start     ] GC(7) Pause Young (Normal) (G1 Evacuation Pause)
[8440.918s][info][gc,task      ] GC(7) Using 23 workers of 23 for evacuation
[8440.924s][info][gc,phases    ] GC(7)   Pre Evacuate Collection Set: 0.1ms
[8440.924s][info][gc,phases    ] GC(7)   Evacuate Collection Set: 4.3ms
[8440.924s][info][gc,phases    ] GC(7)   Post Evacuate Collection Set: 1.2ms
[8440.924s][info][gc,phases    ] GC(7)   Other: 0.5ms
[8440.924s][info][gc,heap      ] GC(7) Eden regions: 53->0(55)
[8440.924s][info][gc,heap      ] GC(7) Survivor regions: 1->1(7)
[8440.924s][info][gc,heap      ] GC(7) Old regions: 8->8
[8440.924s][info][gc,heap      ] GC(7) Humongous regions: 129->129
[8440.924s][info][gc,metaspace ] GC(7) Metaspace: 18539K(19328K)->18539K(19328K) NonClass: 16083K(16640K)->16083K(16640K) Class: 2456K(2688K)->2456K(2688K)
[8440.924s][info][gc           ] GC(7) Pause Young (Normal) (G1 Evacuation Pause) 189M->136M(1024M) 6.225ms
[8440.924s][info][gc,cpu       ] GC(7) User=0.08s Sys=0.00s Real=0.00s
[9744.138s][info][gc,start     ] GC(8) Pause Young (Normal) (G1 Evacuation Pause)
[9744.138s][info][gc,task      ] GC(8) Using 23 workers of 23 for evacuation
[9744.147s][info][gc,phases    ] GC(8)   Pre Evacuate Collection Set: 0.1ms
[9744.148s][info][gc,phases    ] GC(8)   Evacuate Collection Set: 7.6ms
[9744.148s][info][gc,phases    ] GC(8)   Post Evacuate Collection Set: 1.5ms
[9744.148s][info][gc,phases    ] GC(8)   Other: 0.5ms
[9744.148s][info][gc,heap      ] GC(8) Eden regions: 55->0(58)
[9744.148s][info][gc,heap      ] GC(8) Survivor regions: 1->1(7)
[9744.148s][info][gc,heap      ] GC(8) Old regions: 8->8
[9744.148s][info][gc,heap      ] GC(8) Humongous regions: 129->129
[9744.148s][info][gc,metaspace ] GC(8) Metaspace: 18540K(19328K)->18540K(19328K) NonClass: 16084K(16640K)->16084K(16640K) Class: 2456K(2688K)->2456K(2688K)
[9744.148s][info][gc           ] GC(8) Pause Young (Normal) (G1 Evacuation Pause) 191M->136M(1024M) 9.766ms
[9744.148s][info][gc,cpu       ] GC(8) User=0.14s Sys=0.01s Real=0.01s
[11134.923s][info][gc,start     ] GC(9) Pause Young (Normal) (G1 Evacuation Pause)
[11134.923s][info][gc,task      ] GC(9) Using 23 workers of 23 for evacuation
[11134.931s][info][gc,phases    ] GC(9)   Pre Evacuate Collection Set: 0.1ms
[11134.931s][info][gc,phases    ] GC(9)   Evacuate Collection Set: 6.4ms
[11134.931s][info][gc,phases    ] GC(9)   Post Evacuate Collection Set: 1.0ms
[11134.931s][info][gc,phases    ] GC(9)   Other: 0.5ms
[11134.931s][info][gc,heap      ] GC(9) Eden regions: 58->0(61)
[11134.931s][info][gc,heap      ] GC(9) Survivor regions: 1->1(8)
[11134.931s][info][gc,heap      ] GC(9) Old regions: 8->8
[11134.931s][info][gc,heap      ] GC(9) Humongous regions: 129->129
[11134.931s][info][gc,metaspace ] GC(9) Metaspace: 18540K(19328K)->18540K(19328K) NonClass: 16084K(16640K)->16084K(16640K) Class: 2456K(2688K)->2456K(2688K)
[11134.931s][info][gc           ] GC(9) Pause Young (Normal) (G1 Evacuation Pause) 194M->136M(1024M) 7.951ms
[11134.931s][info][gc,cpu       ] GC(9) User=0.13s Sys=0.01s Real=0.01s
[12592.761s][info][gc,start     ] GC(10) Pause Young (Normal) (G1 Evacuation Pause)
[12592.761s][info][gc,task      ] GC(10) Using 23 workers of 23 for evacuation
[12592.765s][info][gc,phases    ] GC(10)   Pre Evacuate Collection Set: 0.1ms
[12592.765s][info][gc,phases    ] GC(10)   Evacuate Collection Set: 2.7ms
[12592.765s][info][gc,phases    ] GC(10)   Post Evacuate Collection Set: 1.3ms
[12592.766s][info][gc,phases    ] GC(10)   Other: 0.5ms
[12592.766s][info][gc,heap      ] GC(10) Eden regions: 61->0(65)
[12592.766s][info][gc,heap      ] GC(10) Survivor regions: 1->1(8)
[12592.766s][info][gc,heap      ] GC(10) Old regions: 8->8
[12592.766s][info][gc,heap      ] GC(10) Humongous regions: 129->129
[12592.766s][info][gc,metaspace ] GC(10) Metaspace: 18549K(19328K)->18549K(19328K) NonClass: 16092K(16640K)->16092K(16640K) Class: 2456K(2688K)->2456K(2688K)
[12592.766s][info][gc           ] GC(10) Pause Young (Normal) (G1 Evacuation Pause) 197M->136M(1024M) 4.673ms
[12592.766s][info][gc,cpu       ] GC(10) User=0.05s Sys=0.00s Real=0.00s
[14158.549s][info][gc,start     ] GC(11) Pause Young (Normal) (G1 Evacuation Pause)
[14158.549s][info][gc,task      ] GC(11) Using 23 workers of 23 for evacuation
[14158.558s][info][gc,phases    ] GC(11)   Pre Evacuate Collection Set: 0.1ms
[14158.558s][info][gc,phases    ] GC(11)   Evacuate Collection Set: 7.0ms
[14158.558s][info][gc,phases    ] GC(11)   Post Evacuate Collection Set: 0.8ms
[14158.558s][info][gc,phases    ] GC(11)   Other: 0.4ms
[14158.558s][info][gc,heap      ] GC(11) Eden regions: 65->0(69)
[14158.558s][info][gc,heap      ] GC(11) Survivor regions: 1->1(9)
[14158.558s][info][gc,heap      ] GC(11) Old regions: 8->8
[14158.558s][info][gc,heap      ] GC(11) Humongous regions: 129->129
[14158.558s][info][gc,metaspace ] GC(11) Metaspace: 18556K(19328K)->18556K(19328K) NonClass: 16100K(16640K)->16100K(16640K) Class: 2456K(2688K)->2456K(2688K)
[14158.558s][info][gc           ] GC(11) Pause Young (Normal) (G1 Evacuation Pause) 201M->136M(1024M) 8.440ms
[14158.558s][info][gc,cpu       ] GC(11) User=0.15s Sys=0.01s Real=0.01s
[15844.856s][info][gc,start     ] GC(12) Pause Young (Normal) (G1 Evacuation Pause)
[15844.857s][info][gc,task      ] GC(12) Using 23 workers of 23 for evacuation
[15844.863s][info][gc,phases    ] GC(12)   Pre Evacuate Collection Set: 0.1ms
[15844.863s][info][gc,phases    ] GC(12)   Evacuate Collection Set: 4.6ms
[15844.863s][info][gc,phases    ] GC(12)   Post Evacuate Collection Set: 1.5ms
[15844.863s][info][gc,phases    ] GC(12)   Other: 0.5ms
[15844.863s][info][gc,heap      ] GC(12) Eden regions: 69->0(74)
[15844.863s][info][gc,heap      ] GC(12) Survivor regions: 1->1(9)
[15844.863s][info][gc,heap      ] GC(12) Old regions: 8->8
[15844.863s][info][gc,heap      ] GC(12) Humongous regions: 129->129
[15844.863s][info][gc,metaspace ] GC(12) Metaspace: 18563K(19328K)->18563K(19328K) NonClass: 16107K(16640K)->16107K(16640K) Class: 2456K(2688K)->2456K(2688K)
[15844.863s][info][gc           ] GC(12) Pause Young (Normal) (G1 Evacuation Pause) 205M->136M(1024M) 6.862ms
[15844.863s][info][gc,cpu       ] GC(12) User=0.10s Sys=0.00s Real=0.00s
[17628.593s][info][gc,start     ] GC(13) Pause Young (Normal) (G1 Evacuation Pause)
[17628.593s][info][gc,task      ] GC(13) Using 23 workers of 23 for evacuation
[17628.599s][info][gc,phases    ] GC(13)   Pre Evacuate Collection Set: 0.1ms
[17628.599s][info][gc,phases    ] GC(13)   Evacuate Collection Set: 3.5ms
[17628.599s][info][gc,phases    ] GC(13)   Post Evacuate Collection Set: 1.5ms
[17628.599s][info][gc,phases    ] GC(13)   Other: 0.5ms
[17628.599s][info][gc,heap      ] GC(13) Eden regions: 74->0(79)
[17628.599s][info][gc,heap      ] GC(13) Survivor regions: 1->1(10)
[17628.599s][info][gc,heap      ] GC(13) Old regions: 8->8
[17628.599s][info][gc,heap      ] GC(13) Humongous regions: 129->129
[17628.599s][info][gc,metaspace ] GC(13) Metaspace: 18563K(19328K)->18563K(19328K) NonClass: 16107K(16640K)->16107K(16640K) Class: 2456K(2688K)->2456K(2688K)
[17628.599s][info][gc           ] GC(13) Pause Young (Normal) (G1 Evacuation Pause) 210M->136M(1024M) 5.834ms
[17628.599s][info][gc,cpu       ] GC(13) User=0.05s Sys=0.03s Real=0.01s
[19551.013s][info][gc,start     ] GC(14) Pause Young (Normal) (G1 Evacuation Pause)
[19551.013s][info][gc,task      ] GC(14) Using 23 workers of 23 for evacuation
[19551.022s][info][gc,phases    ] GC(14)   Pre Evacuate Collection Set: 0.1ms
[19551.022s][info][gc,phases    ] GC(14)   Evacuate Collection Set: 7.3ms
[19551.022s][info][gc,phases    ] GC(14)   Post Evacuate Collection Set: 1.1ms
[19551.022s][info][gc,phases    ] GC(14)   Other: 0.5ms
[19551.022s][info][gc,heap      ] GC(14) Eden regions: 79->0(85)
[19551.022s][info][gc,heap      ] GC(14) Survivor regions: 1->1(10)
[19551.022s][info][gc,heap      ] GC(14) Old regions: 8->8
[19551.022s][info][gc,heap      ] GC(14) Humongous regions: 129->129
[19551.022s][info][gc,metaspace ] GC(14) Metaspace: 18563K(19328K)->18563K(19328K) NonClass: 16107K(16640K)->16107K(16640K) Class: 2456K(2688K)->2456K(2688K)
[19551.023s][info][gc           ] GC(14) Pause Young (Normal) (G1 Evacuation Pause) 215M->136M(1024M) 9.138ms
[19551.023s][info][gc,cpu       ] GC(14) User=0.14s Sys=0.00s Real=0.01s
[21611.635s][info][gc,start     ] GC(15) Pause Young (Normal) (G1 Evacuation Pause)
[21611.635s][info][gc,task      ] GC(15) Using 23 workers of 23 for evacuation
[21611.644s][info][gc,phases    ] GC(15)   Pre Evacuate Collection Set: 0.1ms
[21611.644s][info][gc,phases    ] GC(15)   Evacuate Collection Set: 7.0ms
[21611.644s][info][gc,phases    ] GC(15)   Post Evacuate Collection Set: 1.1ms
[21611.644s][info][gc,phases    ] GC(15)   Other: 0.5ms
[21611.644s][info][gc,heap      ] GC(15) Eden regions: 85->0(91)
[21611.644s][info][gc,heap      ] GC(15) Survivor regions: 1->1(11)
[21611.644s][info][gc,heap      ] GC(15) Old regions: 8->8
[21611.644s][info][gc,heap      ] GC(15) Humongous regions: 129->129
[21611.644s][info][gc,metaspace ] GC(15) Metaspace: 18563K(19328K)->18563K(19328K) NonClass: 16107K(16640K)->16107K(16640K) Class: 2456K(2688K)->2456K(2688K)
[21611.644s][info][gc           ] GC(15) Pause Young (Normal) (G1 Evacuation Pause) 221M->136M(1024M) 8.820ms
[21611.644s][info][gc,cpu       ] GC(15) User=0.15s Sys=0.00s Real=0.00s
[23820.785s][info][gc,start     ] GC(16) Pause Young (Normal) (G1 Evacuation Pause)
[23820.785s][info][gc,task      ] GC(16) Using 23 workers of 23 for evacuation
[23820.793s][info][gc,phases    ] GC(16)   Pre Evacuate Collection Set: 0.1ms
[23820.793s][info][gc,phases    ] GC(16)   Evacuate Collection Set: 6.8ms
[23820.793s][info][gc,phases    ] GC(16)   Post Evacuate Collection Set: 1.0ms
[23820.793s][info][gc,phases    ] GC(16)   Other: 0.4ms
[23820.793s][info][gc,heap      ] GC(16) Eden regions: 91->0(98)
[23820.793s][info][gc,heap      ] GC(16) Survivor regions: 1->1(12)
[23820.793s][info][gc,heap      ] GC(16) Old regions: 8->9
[23820.793s][info][gc,heap      ] GC(16) Humongous regions: 129->129
[23820.793s][info][gc,metaspace ] GC(16) Metaspace: 18563K(19328K)->18563K(19328K) NonClass: 16107K(16640K)->16107K(16640K) Class: 2456K(2688K)->2456K(2688K)
[23820.793s][info][gc           ] GC(16) Pause Young (Normal) (G1 Evacuation Pause) 227M->136M(1024M) 8.470ms
[23820.794s][info][gc,cpu       ] GC(16) User=0.13s Sys=0.00s Real=0.01s
[26205.431s][info][gc,start     ] GC(17) Pause Young (Normal) (G1 Evacuation Pause)
[26205.431s][info][gc,task      ] GC(17) Using 23 workers of 23 for evacuation
[26205.438s][info][gc,phases    ] GC(17)   Pre Evacuate Collection Set: 0.1ms
[26205.438s][info][gc,phases    ] GC(17)   Evacuate Collection Set: 5.4ms
[26205.438s][info][gc,phases    ] GC(17)   Post Evacuate Collection Set: 0.8ms
[26205.438s][info][gc,phases    ] GC(17)   Other: 0.5ms
[26205.438s][info][gc,heap      ] GC(17) Eden regions: 98->0(613)
[26205.438s][info][gc,heap      ] GC(17) Survivor regions: 1->1(13)
[26205.438s][info][gc,heap      ] GC(17) Old regions: 9->9
[26205.438s][info][gc,heap      ] GC(17) Humongous regions: 129->129
[26205.438s][info][gc,metaspace ] GC(17) Metaspace: 18564K(19328K)->18564K(19328K) NonClass: 16108K(16640K)->16108K(16640K) Class: 2456K(2688K)->2456K(2688K)
[26205.438s][info][gc           ] GC(17) Pause Young (Normal) (G1 Evacuation Pause) 234M->136M(1024M) 6.866ms
[26205.438s][info][gc,cpu       ] GC(17) User=0.10s Sys=0.00s Real=0.01s
[41206.344s][info][gc,start     ] GC(18) Pause Young (Normal) (G1 Evacuation Pause)
[41206.344s][info][gc,task      ] GC(18) Using 23 workers of 23 for evacuation
[41206.350s][info][gc,phases    ] GC(18)   Pre Evacuate Collection Set: 0.1ms
[41206.350s][info][gc,phases    ] GC(18)   Evacuate Collection Set: 3.7ms
[41206.350s][info][gc,phases    ] GC(18)   Post Evacuate Collection Set: 1.7ms
[41206.350s][info][gc,phases    ] GC(18)   Other: 0.8ms
[41206.350s][info][gc,heap      ] GC(18) Eden regions: 613->0(613)
[41206.350s][info][gc,heap      ] GC(18) Survivor regions: 1->1(77)
[41206.350s][info][gc,heap      ] GC(18) Old regions: 9->9
[41206.350s][info][gc,heap      ] GC(18) Humongous regions: 129->129
[41206.350s][info][gc,metaspace ] GC(18) Metaspace: 18571K(19328K)->18571K(19328K) NonClass: 16115K(16640K)->16115K(16640K) Class: 2456K(2688K)->2456K(2688K)
[41206.350s][info][gc           ] GC(18) Pause Young (Normal) (G1 Evacuation Pause) 749M->136M(1024M) 6.414ms
[41206.350s][info][gc,cpu       ] GC(18) User=0.06s Sys=0.00s Real=0.01s
