[0.010s][info][gc,heap] Heap region size: 1M
[0.025s][info][gc     ] Using G1
[0.025s][info][gc,heap,coops] Heap address: 0x00000000c0000000, size: 1024 MB, Compressed Oops mode: 32-bit
[0.025s][info][gc,cds       ] Mark closed archive regions in map: [0x00000000ffc00000, 0x00000000ffc6aff8]
[0.025s][info][gc,cds       ] Mark open archive regions in map: [0x00000000ff800000, 0x00000000ff847ff8]
[1.403s][info][gc,start     ] GC(0) Pause Young (Normal) (G1 Evacuation Pause)
[1.408s][info][gc,task      ] GC(0) Using 23 workers of 23 for evacuation
[1.429s][info][gc,mmu       ] GC(0) MMU target violated: 20.6ms (20.0ms/21.0ms)
[1.429s][info][gc,phases    ] GC(0)   Pre Evacuate Collection Set: 0.1ms
[1.429s][info][gc,phases    ] GC(0)   Evacuate Collection Set: 19.1ms
[1.429s][info][gc,phases    ] GC(0)   Post Evacuate Collection Set: 1.2ms
[1.429s][info][gc,phases    ] GC(0)   Other: 6.1ms
[1.429s][info][gc,heap      ] GC(0) Eden regions: 51->0(45)
[1.429s][info][gc,heap      ] GC(0) Survivor regions: 0->6(7)
[1.429s][info][gc,heap      ] GC(0) Old regions: 2->2
[1.429s][info][gc,heap      ] GC(0) Humongous regions: 129->129
[1.429s][info][gc,metaspace ] GC(0) Metaspace: 14974K(15872K)->14974K(15872K) NonClass: 12884K(13568K)->12884K(13568K) Class: 2090K(2304K)->2090K(2304K)
[1.429s][info][gc           ] GC(0) Pause Young (Normal) (G1 Evacuation Pause) 180M->135M(1024M) 26.553ms
[1.429s][info][gc,cpu       ] GC(0) User=0.36s Sys=0.05s Real=0.03s
[634.002s][info][gc,start     ] GC(1) Pause Young (Normal) (G1 Evacuation Pause)
[634.002s][info][gc,task      ] GC(1) Using 23 workers of 23 for evacuation
[634.014s][info][gc,phases    ] GC(1)   Pre Evacuate Collection Set: 0.1ms
[634.014s][info][gc,phases    ] GC(1)   Evacuate Collection Set: 10.5ms
[634.014s][info][gc,phases    ] GC(1)   Post Evacuate Collection Set: 1.3ms
[634.014s][info][gc,phases    ] GC(1)   Other: 0.3ms
[634.014s][info][gc,heap      ] GC(1) Eden regions: 45->0(49)
[634.014s][info][gc,heap      ] GC(1) Survivor regions: 6->2(7)
[634.014s][info][gc,heap      ] GC(1) Old regions: 2->9
[634.014s][info][gc,heap      ] GC(1) Humongous regions: 129->129
[634.014s][info][gc,metaspace ] GC(1) Metaspace: 20478K(21296K)->20478K(21296K) NonClass: 17669K(18352K)->17669K(18352K) Class: 2808K(2944K)->2808K(2944K)
[634.014s][info][gc           ] GC(1) Pause Young (Normal) (G1 Evacuation Pause) 180M->137M(1024M) 12.274ms
[634.014s][info][gc,cpu       ] GC(1) User=0.19s Sys=0.02s Real=0.01s
[985.390s][info][gc,start     ] GC(2) Pause Young (Concurrent Start) (Metadata GC Threshold)
[985.390s][info][gc,task      ] GC(2) Using 23 workers of 23 for evacuation
[985.398s][info][gc,phases    ] GC(2)   Pre Evacuate Collection Set: 0.1ms
[985.398s][info][gc,phases    ] GC(2)   Evacuate Collection Set: 6.1ms
[985.398s][info][gc,phases    ] GC(2)   Post Evacuate Collection Set: 1.2ms
[985.398s][info][gc,phases    ] GC(2)   Other: 0.8ms
[985.398s][info][gc,heap      ] GC(2) Eden regions: 12->0(49)
[985.398s][info][gc,heap      ] GC(2) Survivor regions: 2->2(7)
[985.398s][info][gc,heap      ] GC(2) Old regions: 9->9
[985.398s][info][gc,heap      ] GC(2) Humongous regions: 129->129
[985.398s][info][gc,metaspace ] GC(2) Metaspace: 20527K(21296K)->20527K(21296K) NonClass: 17711K(18352K)->17711K(18352K) Class: 2815K(2944K)->2815K(2944K)
[985.398s][info][gc           ] GC(2) Pause Young (Concurrent Start) (Metadata GC Threshold) 149M->137M(1024M) 8.448ms
[985.398s][info][gc,cpu       ] GC(2) User=0.08s Sys=0.00s Real=0.01s
[985.398s][info][gc           ] GC(3) Concurrent Cycle
[985.399s][info][gc,marking   ] GC(3) Concurrent Clear Claimed Marks
[985.399s][info][gc,marking   ] GC(3) Concurrent Clear Claimed Marks 0.036ms
[985.399s][info][gc,marking   ] GC(3) Concurrent Scan Root Regions
[985.402s][info][gc,marking   ] GC(3) Concurrent Scan Root Regions 3.054ms
[985.402s][info][gc,marking   ] GC(3) Concurrent Mark (985.402s)
[985.402s][info][gc,marking   ] GC(3) Concurrent Mark From Roots
[985.403s][info][gc,task      ] GC(3) Using 6 workers of 6 for marking
[985.410s][info][gc,marking   ] GC(3) Concurrent Mark From Roots 8.250ms
[985.410s][info][gc,marking   ] GC(3) Concurrent Preclean
[985.411s][info][gc,marking   ] GC(3) Concurrent Preclean 0.978ms
[985.411s][info][gc,marking   ] GC(3) Concurrent Mark (985.402s, 985.411s) 9.342ms
[985.411s][info][gc,start     ] GC(3) Pause Remark
[985.419s][info][gc,stringtable] GC(3) Cleaned string and symbol table, strings: 7960 processed, 276 removed, symbols: 43327 processed, 39 removed
[985.420s][info][gc            ] GC(3) Pause Remark 139M->139M(1024M) 8.305ms
[985.420s][info][gc,cpu        ] GC(3) User=0.15s Sys=0.00s Real=0.01s
[985.420s][info][gc,marking    ] GC(3) Concurrent Rebuild Remembered Sets
[985.422s][info][gc,marking    ] GC(3) Concurrent Rebuild Remembered Sets 2.008ms
[985.422s][info][gc,start      ] GC(3) Pause Cleanup
[985.422s][info][gc            ] GC(3) Pause Cleanup 139M->139M(1024M) 0.338ms
[985.422s][info][gc,cpu        ] GC(3) User=0.01s Sys=0.00s Real=0.00s
[985.422s][info][gc,marking    ] GC(3) Concurrent Cleanup for Next Mark
[985.426s][info][gc,marking    ] GC(3) Concurrent Cleanup for Next Mark 3.178ms
[985.426s][info][gc            ] GC(3) Concurrent Cycle 27.234ms
[986.629s][info][gc,heap,exit  ] Heap
[986.629s][info][gc,heap,exit  ]  garbage-first heap   total 1048576K, used 149838K [0x00000000c0000000, 0x0000000100000000)
[986.629s][info][gc,heap,exit  ]   region size 1024K, 12 young (12288K), 2 survivors (2048K)
[986.629s][info][gc,heap,exit  ]  Metaspace       used 21046K, capacity 21334K, committed 22268K, reserved 1069056K
[986.629s][info][gc,heap,exit  ]   class space    used 2908K, capacity 2995K, committed 3148K, reserved 1048576K
