[0.010s][info][gc,heap] Heap region size: 1M
[0.019s][info][gc     ] Using G1
[0.019s][info][gc,heap,coops] Heap address: 0x00000000e0000000, size: 512 MB, Compressed Oops mode: 32-bit
[0.020s][info][gc,cds       ] Mark closed archive regions in map: [0x00000000ffc00000, 0x00000000ffc6aff8]
[0.020s][info][gc,cds       ] Mark open archive regions in map: [0x00000000ff800000, 0x00000000ff847ff8]
[1139.317s][info][gc,start     ] GC(0) Pause Young (Normal) (G1 Evacuation Pause)
[1139.319s][info][gc,task      ] GC(0) Using 12 workers of 23 for evacuation
[1139.336s][info][gc,phases    ] GC(0)   Pre Evacuate Collection Set: 0.0ms
[1139.336s][info][gc,phases    ] GC(0)   Evacuate Collection Set: 16.0ms
[1139.336s][info][gc,phases    ] GC(0)   Post Evacuate Collection Set: 1.0ms
[1139.336s][info][gc,phases    ] GC(0)   Other: 2.5ms
[1139.336s][info][gc,heap      ] GC(0) Eden regions: 25->0(21)
[1139.336s][info][gc,heap      ] GC(0) Survivor regions: 0->4(4)
[1139.336s][info][gc,heap      ] GC(0) Old regions: 2->3
[1139.336s][info][gc,heap      ] GC(0) Humongous regions: 0->0
[1139.336s][info][gc,metaspace ] GC(0) Metaspace: 8067K(8448K)->8067K(8448K) NonClass: 7175K(7424K)->7175K(7424K) Class: 891K(1024K)->891K(1024K)
[1139.337s][info][gc           ] GC(0) Pause Young (Normal) (G1 Evacuation Pause) 25M->5M(512M) 19.644ms
[1139.337s][info][gc,cpu       ] GC(0) User=0.19s Sys=0.00s Real=0.02s
[1827.835s][info][gc,heap,exit ] Heap
[1827.835s][info][gc,heap,exit ]  garbage-first heap   total 524288K, used 9843K [0x00000000e0000000, 0x0000000100000000)
[1827.835s][info][gc,heap,exit ]   region size 1024K, 9 young (9216K), 4 survivors (4096K)
[1827.835s][info][gc,heap,exit ]  Metaspace       used 8392K, capacity 8700K, committed 8960K, reserved 1056768K
[1827.835s][info][gc,heap,exit ]   class space    used 901K, capacity 1011K, committed 1024K, reserved 1048576K
