[0.010s][info][gc,heap] Heap region size: 1M
[0.019s][info][gc     ] Using G1
[0.019s][info][gc,heap,coops] Heap address: 0x00000000e0000000, size: 512 MB, Compressed Oops mode: 32-bit
[0.019s][info][gc,cds       ] Mark closed archive regions in map: [0x00000000ffc00000, 0x00000000ffc6aff8]
[0.019s][info][gc,cds       ] Mark open archive regions in map: [0x00000000ff800000, 0x00000000ff847ff8]
[869.947s][info][gc,start     ] GC(0) Pause Young (Normal) (G1 Evacuation Pause)
[869.954s][info][gc,task      ] GC(0) Using 23 workers of 23 for evacuation
[869.971s][info][gc,phases    ] GC(0)   Pre Evacuate Collection Set: 0.0ms
[869.971s][info][gc,phases    ] GC(0)   Evacuate Collection Set: 15.8ms
[869.971s][info][gc,phases    ] GC(0)   Post Evacuate Collection Set: 0.9ms
[869.971s][info][gc,phases    ] GC(0)   Other: 7.0ms
[869.971s][info][gc,heap      ] GC(0) Eden regions: 25->0(21)
[869.971s][info][gc,heap      ] GC(0) Survivor regions: 0->4(4)
[869.971s][info][gc,heap      ] GC(0) Old regions: 2->3
[869.971s][info][gc,heap      ] GC(0) Humongous regions: 0->0
[869.971s][info][gc,metaspace ] GC(0) Metaspace: 7939K(8448K)->7939K(8448K) NonClass: 7061K(7424K)->7061K(7424K) Class: 877K(1024K)->877K(1024K)
[869.971s][info][gc           ] GC(0) Pause Young (Normal) (G1 Evacuation Pause) 25M->5M(512M) 23.821ms
[869.971s][info][gc,cpu       ] GC(0) User=0.34s Sys=0.00s Real=0.03s
[1868.078s][info][gc,heap,exit ] Heap
[1868.078s][info][gc,heap,exit ]  garbage-first heap   total 524288K, used 15677K [0x00000000e0000000, 0x0000000100000000)
[1868.078s][info][gc,heap,exit ]   region size 1024K, 15 young (15360K), 4 survivors (4096K)
[1868.078s][info][gc,heap,exit ]  Metaspace       used 8491K, capacity 8828K, committed 8960K, reserved 1056768K
[1868.078s][info][gc,heap,exit ]   class space    used 909K, capacity 1011K, committed 1024K, reserved 1048576K
